// Jest Snapshot v1, https://goo.gl/fbAQLP

exports[`EventComponent renders correctly 1`] = `
<Styled(div)>
  <Link
    to="/event/1"
  >
    <WithStyles(ForwardRef(ListItem))>
      <ForwardRef(ListItemButton)>
        <WithStyles(ForwardRef(ListItemText))
          primary={1}
        />
      </ForwardRef(ListItemButton)>
    </WithStyles(ForwardRef(ListItem))>
  </Link>
</Styled(div)>
`;
